This is cutadapt 4.9 with Python 3.10.12
Command line parameters: -j 4 -a CTGTCTCTTATACACATCT -A CTGTCTCTTATACACATCT -m 20:20 --pair-filter=any -o /media/desk16/iy13202/projects/Paper2Paper/tmp/tnbc-chromatin-tf-nc-2026/luad-figure2/tmp_processing/PDX/MGH10022/trimmed_R1.fastq.gz -p /media/desk16/iy13202/projects/Paper2Paper/tmp/tnbc-chromatin-tf-nc-2026/luad-figure2/tmp_processing/PDX/MGH10022/trimmed_R2.fastq.gz /media/desk16/iy13202/projects/Paper2Paper/tmp/tnbc-chromatin-tf-nc-2026/luad-figure2/tmp_processing/PDX/MGH10022/fastq/SRR29662772_1.fastq /media/desk16/iy13202/projects/Paper2Paper/tmp/tnbc-chromatin-tf-nc-2026/luad-figure2/tmp_processing/PDX/MGH10022/fastq/SRR29662772_2.fastq
Processing paired-end reads on 4 cores ...
Finished in 230.656 s (9.904 µs/read; 6.06 M reads/minute).

=== Summary ===

Total read pairs processed:         23,290,122
  Read 1 with adapter:              17,440,353 (74.9%)
  Read 2 with adapter:              17,485,623 (75.1%)

== Read fate breakdown ==
Pairs that were too short:              12,299 (0.1%)
Pairs written (passing filters):    23,277,823 (99.9%)

Total basepairs processed: 6,987,036,600 bp
  Read 1: 3,493,518,300 bp
  Read 2: 3,493,518,300 bp
Total written (filtered):  4,164,177,963 bp (59.6%)
  Read 1: 2,082,929,990 bp
  Read 2: 2,081,247,973 bp

=== First read: Adapter 1 ===

Sequence: CTGTCTCTTATACACATCT; Type: regular 3'; Length: 19; Trimmed: 17440353 times

Minimum overlap: 3
No. of allowed errors:
1-9 bp: 0; 10-19 bp: 1

Bases preceding removed adapters:
  A: 9.8%
  C: 44.5%
  G: 27.6%
  T: 18.1%
  none/other: 0.0%

Overview of removed sequences
length	count	expect	max.err	error counts
3	167866	363908.2	0	167866
4	66557	90977.0	0	66557
5	46045	22744.3	0	46045
6	40136	5686.1	0	40136
7	38403	1421.5	0	38403
8	38730	355.4	0	38730
9	40308	88.8	0	39803 505
10	44222	22.2	1	41918 2304
11	45979	5.6	1	43891 2088
12	49111	1.4	1	46835 2276
13	49407	0.3	1	47018 2389
14	48454	0.1	1	46119 2335
15	47826	0.0	1	45575 2251
16	45385	0.0	1	43098 2287
17	44194	0.0	1	41973 2221
18	43185	0.0	1	40995 2190
19	43551	0.0	1	41343 2208
20	46185	0.0	1	43799 2386
21	49712	0.0	1	47198 2514
22	52874	0.0	1	50171 2703
23	57197	0.0	1	54384 2813
24	57517	0.0	1	54667 2850
25	58024	0.0	1	55120 2904
26	55505	0.0	1	52763 2742
27	53273	0.0	1	50605 2668
28	51057	0.0	1	48429 2628
29	51890	0.0	1	49326 2564
30	53392	0.0	1	50795 2597
31	57149	0.0	1	54426 2723
32	62959	0.0	1	60031 2928
33	68392	0.0	1	65288 3104
34	71228	0.0	1	67890 3338
35	71947	0.0	1	68544 3403
36	69109	0.0	1	65956 3153
37	66332	0.0	1	63341 2991
38	63077	0.0	1	60224 2853
39	61488	0.0	1	58776 2712
40	63050	0.0	1	60273 2777
41	66120	0.0	1	63256 2864
42	74329	0.0	1	71117 3212
43	80973	0.0	1	77554 3419
44	87516	0.0	1	83954 3562
45	90768	0.0	1	87065 3703
46	88630	0.0	1	85039 3591
47	83307	0.0	1	80066 3241
48	79055	0.0	1	75949 3106
49	75648	0.0	1	72551 3097
50	76701	0.0	1	73712 2989
51	80713	0.0	1	77539 3174
52	86625	0.0	1	83287 3338
53	97236	0.0	1	93437 3799
54	107261	0.0	1	103246 4015
55	113502	0.0	1	109265 4237
56	112929	0.0	1	108767 4162
57	106564	0.0	1	102651 3913
58	99385	0.0	1	95685 3700
59	93985	0.0	1	90700 3285
60	93756	0.0	1	90337 3419
61	96599	0.0	1	93035 3564
62	104470	0.0	1	100824 3646
63	120153	0.0	1	115941 4212
64	132312	0.0	1	127817 4495
65	141195	0.0	1	136408 4787
66	145087	0.0	1	140111 4976
67	137878	0.0	1	133184 4694
68	129196	0.0	1	124638 4558
69	124677	0.0	1	120476 4201
70	118908	0.0	1	114788 4120
71	123214	0.0	1	119073 4141
72	131445	0.0	1	127159 4286
73	148842	0.0	1	143856 4986
74	165762	0.0	1	160317 5445
75	176804	0.0	1	171040 5764
76	188638	0.0	1	182575 6063
77	182985	0.0	1	176906 6079
78	174722	0.0	1	169167 5555
79	163267	0.0	1	158003 5264
80	153450	0.0	1	148437 5013
81	159435	0.0	1	154317 5118
82	162550	0.0	1	157167 5383
83	185214	0.0	1	179274 5940
84	211322	0.0	1	204812 6510
85	233567	0.0	1	226396 7171
86	252931	0.0	1	245330 7601
87	244842	0.0	1	237331 7511
88	234999	0.0	1	227868 7131
89	215660	0.0	1	209379 6281
90	206596	0.0	1	200416 6180
91	209061	0.0	1	202903 6158
92	216047	0.0	1	209895 6152
93	244633	0.0	1	237414 7219
94	280517	0.0	1	272536 7981
95	314928	0.0	1	306329 8599
96	352896	0.0	1	343476 9420
97	350977	0.0	1	341602 9375
98	332797	0.0	1	324041 8756
99	318485	0.0	1	310048 8437
100	302064	0.0	1	294215 7849
101	295387	0.0	1	287726 7661
102	304250	0.0	1	296392 7858
103	333716	0.0	1	324945 8771
104	384044	0.0	1	374095 9949
105	443534	0.0	1	432535 10999
106	481682	0.0	1	469767 11915
107	476530	0.0	1	465118 11412
108	446371	0.0	1	435683 10688
109	418151	0.0	1	408087 10064
110	389893	0.0	1	380779 9114
111	360076	0.0	1	351651 8425
112	321969	0.0	1	314141 7828
113	301005	0.0	1	293677 7328
114	263797	0.0	1	257315 6482
115	156824	0.0	1	152779 4045
116	83292	0.0	1	81177 2115
117	51258	0.0	1	49892 1366
118	25619	0.0	1	24878 741
119	12988	0.0	1	12558 430
120	8308	0.0	1	8065 243
121	9886	0.0	1	9594 292
122	8865	0.0	1	8612 253
123	8734	0.0	1	8454 280
124	7125	0.0	1	6908 217
125	2622	0.0	1	2535 87
126	1238	0.0	1	1192 46
127	1801	0.0	1	1728 73
128	1142	0.0	1	1096 46
129	2009	0.0	1	1937 72
130	1135	0.0	1	1096 39
131	1086	0.0	1	1046 40
132	179	0.0	1	172 7
133	524	0.0	1	518 6
134	1116	0.0	1	1089 27
135	1736	0.0	1	1703 33
136	487	0.0	1	478 9
137	248	0.0	1	242 6
138	271	0.0	1	265 6
139	715	0.0	1	704 11
140	1600	0.0	1	1559 41
141	627	0.0	1	612 15
142	223	0.0	1	217 6
143	660	0.0	1	645 15
144	410	0.0	1	401 9
145	1259	0.0	1	1227 32
146	815	0.0	1	796 19
147	23	0.0	1	23
148	47	0.0	1	46 1
149	81	0.0	1	77 4
150	151	0.0	1	139 12


=== Second read: Adapter 2 ===

Sequence: CTGTCTCTTATACACATCT; Type: regular 3'; Length: 19; Trimmed: 17485623 times

Minimum overlap: 3
No. of allowed errors:
1-9 bp: 0; 10-19 bp: 1

Bases preceding removed adapters:
  A: 9.6%
  C: 45.1%
  G: 27.4%
  T: 17.9%
  none/other: 0.0%

Overview of removed sequences
length	count	expect	max.err	error counts
3	169995	363908.2	0	169995
4	67858	90977.0	0	67858
5	47274	22744.3	0	47274
6	41305	5686.1	0	41305
7	39531	1421.5	0	39531
8	39960	355.4	0	39960
9	41744	88.8	0	41321 423
10	44773	22.2	1	43574 1199
11	46539	5.6	1	45553 986
12	49636	1.4	1	48651 985
13	50038	0.3	1	48969 1069
14	48980	0.1	1	47901 1079
15	48574	0.0	1	47406 1168
16	45956	0.0	1	44858 1098
17	44725	0.0	1	43622 1103
18	43799	0.0	1	42703 1096
19	44126	0.0	1	43000 1126
20	46811	0.0	1	45641 1170
21	50426	0.0	1	49098 1328
22	53553	0.0	1	52305 1248
23	57800	0.0	1	56383 1417
24	58368	0.0	1	56975 1393
25	58760	0.0	1	57271 1489
26	56283	0.0	1	54907 1376
27	54029	0.0	1	52746 1283
28	51688	0.0	1	50486 1202
29	52517	0.0	1	51337 1180
30	54081	0.0	1	52909 1172
31	57685	0.0	1	56355 1330
32	63781	0.0	1	62421 1360
33	69236	0.0	1	67748 1488
34	72024	0.0	1	70445 1579
35	72749	0.0	1	71116 1633
36	69827	0.0	1	68302 1525
37	67229	0.0	1	65713 1516
38	63758	0.0	1	62346 1412
39	62298	0.0	1	60897 1401
40	63659	0.0	1	62271 1388
41	66724	0.0	1	65263 1461
42	75013	0.0	1	73444 1569
43	81760	0.0	1	79980 1780
44	88269	0.0	1	86403 1866
45	91514	0.0	1	89529 1985
46	89430	0.0	1	87556 1874
47	83898	0.0	1	82170 1728
48	79643	0.0	1	78019 1624
49	76377	0.0	1	74788 1589
50	77230	0.0	1	75620 1610
51	81255	0.0	1	79576 1679
52	87168	0.0	1	85471 1697
53	97743	0.0	1	95754 1989
54	107880	0.0	1	105746 2134
55	114241	0.0	1	111981 2260
56	113757	0.0	1	111563 2194
57	107103	0.0	1	105044 2059
58	99907	0.0	1	98019 1888
59	94688	0.0	1	92891 1797
60	94175	0.0	1	92370 1805
61	97156	0.0	1	95273 1883
62	105070	0.0	1	103103 1967
63	120811	0.0	1	118606 2205
64	132951	0.0	1	130572 2379
65	141941	0.0	1	139322 2619
66	145856	0.0	1	143317 2539
67	138383	0.0	1	135951 2432
68	129690	0.0	1	127381 2309
69	125213	0.0	1	122921 2292
70	119431	0.0	1	117229 2202
71	123744	0.0	1	121508 2236
72	131935	0.0	1	129625 2310
73	149370	0.0	1	146861 2509
74	166447	0.0	1	163571 2876
75	177785	0.0	1	174846 2939
76	189282	0.0	1	186068 3214
77	183839	0.0	1	180801 3038
78	175571	0.0	1	172664 2907
79	164059	0.0	1	161422 2637
80	154163	0.0	1	151585 2578
81	159924	0.0	1	157398 2526
82	163275	0.0	1	160601 2674
83	185786	0.0	1	182809 2977
84	212413	0.0	1	209072 3341
85	234567	0.0	1	230840 3727
86	254079	0.0	1	250129 3950
87	245902	0.0	1	242143 3759
88	235691	0.0	1	232128 3563
89	216209	0.0	1	212952 3257
90	207196	0.0	1	204025 3171
91	209541	0.0	1	206351 3190
92	216379	0.0	1	213152 3227
93	244946	0.0	1	241444 3502
94	281006	0.0	1	276805 4201
95	315274	0.0	1	310689 4585
96	353235	0.0	1	348198 5037
97	351232	0.0	1	346235 4997
98	333047	0.0	1	328364 4683
99	318624	0.0	1	313969 4655
100	302160	0.0	1	297927 4233
101	295586	0.0	1	291368 4218
102	304210	0.0	1	300045 4165
103	333823	0.0	1	329092 4731
104	384156	0.0	1	378853 5303
105	443520	0.0	1	437592 5928
106	481832	0.0	1	475367 6465
107	476593	0.0	1	470331 6262
108	446586	0.0	1	440687 5899
109	417875	0.0	1	412214 5661
110	389455	0.0	1	384197 5258
111	359401	0.0	1	354420 4981
112	321493	0.0	1	316993 4500
113	300413	0.0	1	296245 4168
114	263294	0.0	1	259698 3596
115	156390	0.0	1	154062 2328
116	82587	0.0	1	81438 1149
117	50648	0.0	1	49888 760
118	25226	0.0	1	24805 421
119	12583	0.0	1	12370 213
120	7909	0.0	1	7788 121
121	9400	0.0	1	9251 149
122	8265	0.0	1	8140 125
123	8133	0.0	1	8003 130
124	6175	0.0	1	6061 114
125	1704	0.0	1	1661 43
126	874	0.0	1	853 21
127	1177	0.0	1	1145 32
128	394	0.0	1	378 16
129	1319	0.0	1	1298 21
130	282	0.0	1	269 13
131	1005	0.0	1	975 30
132	140	0.0	1	136 4
133	362	0.0	1	354 8
134	98	0.0	1	95 3
135	64	0.0	1	62 2
136	41	0.0	1	40 1
137	41	0.0	1	39 2
138	12	0.0	1	10 2
139	5	0.0	1	5
140	15	0.0	1	15
141	72	0.0	1	69 3
142	29	0.0	1	29
143	3	0.0	1	3
144	2	0.0	1	2
145	2	0.0	1	2
147	7	0.0	1	6 1
148	3	0.0	1	3
149	1	0.0	1	1
150	85	0.0	1	77 8
