INFO  @ Fri, 14 Aug 2026 10:40:20: 
# Command line: callpeak -t /media/desk16/iy13202/projects/Paper2Paper/tmp/tnbc-chromatin-tf-nc-2026/luad-figure2/data/processed/raw_atac/cell_line/H1648/H1648.tn5_shifted.bed -f BED -g hs --keep-dup all -B --shift -75 --extsize 150 --nomodel --SPMR -q 0.01 -n H1648 --outdir /media/desk16/iy13202/projects/Paper2Paper/tmp/tnbc-chromatin-tf-nc-2026/luad-figure2/data/processed/raw_atac/cell_line/H1648/peaks
# ARGUMENTS LIST:
# name = H1648
# format = BED
# ChIP-seq file = ['/media/desk16/iy13202/projects/Paper2Paper/tmp/tnbc-chromatin-tf-nc-2026/luad-figure2/data/processed/raw_atac/cell_line/H1648/H1648.tn5_shifted.bed']
# control file = None
# effective genome size = 2.70e+09
# band width = 300
# model fold = [5, 50]
# qvalue cutoff = 1.00e-02
# The maximum gap between significant sites is assigned as the read length/tag size.
# The minimum length of peaks is assigned as the predicted fragment length "d".
# Larger dataset will be scaled towards smaller dataset.
# Range for calculating regional lambda is: 10000 bps
# Broad region calling is off
# Paired-End mode is off
# MACS will save fragment pileup signal per million reads
 
INFO  @ Fri, 14 Aug 2026 10:40:20: #1 read tag files... 
INFO  @ Fri, 14 Aug 2026 10:40:20: #1 read treatment tags... 
INFO  @ Fri, 14 Aug 2026 10:40:22:  1000000 
INFO  @ Fri, 14 Aug 2026 10:40:24:  2000000 
INFO  @ Fri, 14 Aug 2026 10:40:24: #1 tag size is determined as 36 bps 
INFO  @ Fri, 14 Aug 2026 10:40:24: #1 tag size = 36.0 
INFO  @ Fri, 14 Aug 2026 10:40:24: #1  total tags in treatment: 2088866 
INFO  @ Fri, 14 Aug 2026 10:40:24: #1 finished! 
INFO  @ Fri, 14 Aug 2026 10:40:24: #2 Build Peak Model... 
INFO  @ Fri, 14 Aug 2026 10:40:24: #2 Skipped... 
INFO  @ Fri, 14 Aug 2026 10:40:24: #2 Use 150 as fragment length 
INFO  @ Fri, 14 Aug 2026 10:40:24: #2 Sequencing ends will be shifted towards 5' by 75 bp(s) 
INFO  @ Fri, 14 Aug 2026 10:40:24: #3 Call peaks... 
INFO  @ Fri, 14 Aug 2026 10:40:24: #3 Pre-compute pvalue-qvalue table... 
INFO  @ Fri, 14 Aug 2026 10:40:35: #3 In the peak calling step, the following will be performed simultaneously: 
INFO  @ Fri, 14 Aug 2026 10:40:35: #3   Write bedGraph files for treatment pileup (after scaling if necessary)... H1648_treat_pileup.bdg 
INFO  @ Fri, 14 Aug 2026 10:40:35: #3   Write bedGraph files for control lambda (after scaling if necessary)... H1648_control_lambda.bdg 
INFO  @ Fri, 14 Aug 2026 10:40:35: #3   --SPMR is requested, so pileup will be normalized by sequencing depth in million reads. 
INFO  @ Fri, 14 Aug 2026 10:40:35: #3 Call peaks for each chromosome... 
INFO  @ Fri, 14 Aug 2026 10:40:51: #4 Write output xls file... /media/desk16/iy13202/projects/Paper2Paper/tmp/tnbc-chromatin-tf-nc-2026/luad-figure2/data/processed/raw_atac/cell_line/H1648/peaks/H1648_peaks.xls 
INFO  @ Fri, 14 Aug 2026 10:40:51: #4 Write peak in narrowPeak format file... /media/desk16/iy13202/projects/Paper2Paper/tmp/tnbc-chromatin-tf-nc-2026/luad-figure2/data/processed/raw_atac/cell_line/H1648/peaks/H1648_peaks.narrowPeak 
INFO  @ Fri, 14 Aug 2026 10:40:51: #4 Write summits bed file... /media/desk16/iy13202/projects/Paper2Paper/tmp/tnbc-chromatin-tf-nc-2026/luad-figure2/data/processed/raw_atac/cell_line/H1648/peaks/H1648_summits.bed 
INFO  @ Fri, 14 Aug 2026 10:40:51: Done! 
