This is cutadapt 4.9 with Python 3.10.12
Command line parameters: -j 4 -a CTGTCTCTTATACACATCT -m 20 -o /media/desk16/iy13202/projects/Paper2Paper/tmp/tnbc-chromatin-tf-nc-2026/luad-figure2/tmp_processing/cell_line/H1975/trimmed_R1.fastq.gz /media/desk16/iy13202/projects/Paper2Paper/tmp/tnbc-chromatin-tf-nc-2026/luad-figure2/tmp_processing/cell_line/H1975/fastq/DRR136961.fastq
Processing single-end reads on 4 cores ...
Finished in 40.495 s (3.265 µs/read; 18.38 M reads/minute).

=== Summary ===

Total reads processed:              12,402,237
Reads with adapters:                   357,930 (2.9%)

== Read fate breakdown ==
Reads that were too short:              28,739 (0.2%)
Reads written (passing filters):    12,373,498 (99.8%)

Total basepairs processed:   446,480,532 bp
Total written (filtered):    444,265,730 bp (99.5%)

=== Adapter 1 ===

Sequence: CTGTCTCTTATACACATCT; Type: regular 3'; Length: 19; Trimmed: 357930 times

Minimum overlap: 3
No. of allowed errors:
1-9 bp: 0; 10-19 bp: 1

Bases preceding removed adapters:
  A: 17.2%
  C: 26.9%
  G: 24.6%
  T: 23.4%
  none/other: 7.9%

Overview of removed sequences
length	count	expect	max.err	error counts
3	237931	193785.0	0	237931
4	58635	48446.2	0	58635
5	12292	12111.6	0	12292
6	5614	3027.9	0	5614
7	2850	757.0	0	2850
8	2209	189.2	0	2209
9	1985	47.3	0	1558 427
10	5570	11.8	1	4847 723
11	866	3.0	1	123 743
12	357	0.7	1	70 287
13	744	0.2	1	134 610
14	36	0.0	1	26 10
15	84	0.0	1	78 6
16	18	0.0	1	16 2
17	74	0.0	1	67 7
18	20	0.0	1	15 5
19	11	0.0	1	10 1
20	21	0.0	1	20 1
21	7	0.0	1	7
22	9	0.0	1	8 1
23	214	0.0	1	195 19
24	3	0.0	1	3
25	18	0.0	1	16 2
26	7	0.0	1	7
27	2	0.0	1	2
28	16	0.0	1	14 2
29	3	0.0	1	2 1
30	5	0.0	1	5
32	3	0.0	1	1 2
33	18	0.0	1	18
35	29	0.0	1	23 6
36	28279	0.0	1	25892 2387
