This is cutadapt 4.9 with Python 3.10.12
Command line parameters: -j 4 -a CTGTCTCTTATACACATCT -m 20 -o /media/desk16/iy13202/projects/Paper2Paper/tmp/tnbc-chromatin-tf-nc-2026/luad-figure2/tmp_processing/cell_line/H2228/trimmed_R1.fastq.gz /media/desk16/iy13202/projects/Paper2Paper/tmp/tnbc-chromatin-tf-nc-2026/luad-figure2/tmp_processing/cell_line/H2228/fastq/DRR137137.fastq
Processing single-end reads on 4 cores ...
Finished in 12.936 s (3.394 µs/read; 17.68 M reads/minute).

=== Summary ===

Total reads processed:               3,811,510
Reads with adapters:                    94,952 (2.5%)

== Read fate breakdown ==
Reads that were too short:               1,591 (0.0%)
Reads written (passing filters):     3,809,919 (100.0%)

Total basepairs processed:   137,214,360 bp
Total written (filtered):    136,821,495 bp (99.7%)

=== Adapter 1 ===

Sequence: CTGTCTCTTATACACATCT; Type: regular 3'; Length: 19; Trimmed: 94952 times

Minimum overlap: 3
No. of allowed errors:
1-9 bp: 0; 10-19 bp: 1

Bases preceding removed adapters:
  A: 19.4%
  C: 27.9%
  G: 26.4%
  T: 24.7%
  none/other: 1.6%

Overview of removed sequences
length	count	expect	max.err	error counts
3	67823	59554.8	0	67823
4	16116	14888.7	0	16116
5	3518	3722.2	0	3518
6	1537	930.5	0	1537
7	797	232.6	0	797
8	592	58.2	0	592
9	560	14.5	0	433 127
10	1780	3.6	1	1588 192
11	286	0.9	1	35 251
12	104	0.2	1	15 89
13	212	0.1	1	23 189
14	6	0.0	1	3 3
15	25	0.0	1	23 2
16	5	0.0	1	5
17	13	0.0	1	11 2
18	5	0.0	1	5
19	2	0.0	1	0 2
20	5	0.0	1	5
21	2	0.0	1	1 1
22	2	0.0	1	2
23	12	0.0	1	11 1
25	1	0.0	1	1
27	2	0.0	1	2
33	1	0.0	1	1
35	2	0.0	1	0 2
36	1544	0.0	1	1403 141
