This is cutadapt 4.9 with Python 3.10.12
Command line parameters: -j 4 -a CTGTCTCTTATACACATCT -m 20 -o /media/desk16/iy13202/projects/Paper2Paper/tmp/tnbc-chromatin-tf-nc-2026/luad-figure2/tmp_processing/cell_line/II-18/trimmed_R1.fastq.gz /media/desk16/iy13202/projects/Paper2Paper/tmp/tnbc-chromatin-tf-nc-2026/luad-figure2/tmp_processing/cell_line/II-18/fastq/DRR137312.fastq
Processing single-end reads on 4 cores ...
Finished in 35.376 s (3.388 µs/read; 17.71 M reads/minute).

=== Summary ===

Total reads processed:              10,440,675
Reads with adapters:                   212,858 (2.0%)

== Read fate breakdown ==
Reads that were too short:               4,288 (0.0%)
Reads written (passing filters):    10,436,387 (100.0%)

Total basepairs processed:   375,864,300 bp
Total written (filtered):    374,898,030 bp (99.7%)

=== Adapter 1 ===

Sequence: CTGTCTCTTATACACATCT; Type: regular 3'; Length: 19; Trimmed: 212858 times

Minimum overlap: 3
No. of allowed errors:
1-9 bp: 0; 10-19 bp: 1

Bases preceding removed adapters:
  A: 20.1%
  C: 27.8%
  G: 26.6%
  T: 23.5%
  none/other: 1.9%

Overview of removed sequences
length	count	expect	max.err	error counts
3	140557	163135.5	0	140557
4	35522	40783.9	0	35522
5	9745	10196.0	0	9745
6	4482	2549.0	0	4482
7	2599	637.2	0	2599
8	1971	159.3	0	1971
9	2663	39.8	0	2451 212
10	8952	10.0	1	8083 869
11	820	2.5	1	623 197
12	377	0.6	1	99 278
13	844	0.2	1	37 807
14	13	0.0	1	10 3
15	20	0.0	1	15 5
16	5	0.0	1	4 1
17	12	0.0	1	11 1
18	8	0.0	1	6 2
19	7	0.0	1	6 1
20	11	0.0	1	10 1
21	4	0.0	1	4
22	2	0.0	1	2
23	40	0.0	1	35 5
24	1	0.0	1	1
25	2	0.0	1	2
26	9	0.0	1	9
27	7	0.0	1	7
28	4	0.0	1	4
29	1	0.0	1	0 1
30	2	0.0	1	2
33	6	0.0	1	5 1
34	1	0.0	1	1
35	109	0.0	1	102 7
36	4062	0.0	1	3666 396
