This is cutadapt 4.9 with Python 3.10.12
Command line parameters: -j 4 -a CTGTCTCTTATACACATCT -m 20 -o /media/desk16/iy13202/projects/Paper2Paper/tmp/tnbc-chromatin-tf-nc-2026/luad-figure2/tmp_processing/cell_line/PC-14/trimmed_R1.fastq.gz /media/desk16/iy13202/projects/Paper2Paper/tmp/tnbc-chromatin-tf-nc-2026/luad-figure2/tmp_processing/cell_line/PC-14/fastq/DRR137573.fastq
Processing single-end reads on 4 cores ...
Finished in 41.961 s (1.955 µs/read; 30.70 M reads/minute).

=== Summary ===

Total reads processed:              21,468,119
Reads with adapters:                   491,134 (2.3%)

== Read fate breakdown ==
Reads that were too short:              10,718 (0.0%)
Reads written (passing filters):    21,457,401 (100.0%)

Total basepairs processed:   772,852,284 bp
Total written (filtered):    770,372,259 bp (99.7%)

=== Adapter 1 ===

Sequence: CTGTCTCTTATACACATCT; Type: regular 3'; Length: 19; Trimmed: 491134 times

Minimum overlap: 3
No. of allowed errors:
1-9 bp: 0; 10-19 bp: 1

Bases preceding removed adapters:
  A: 19.3%
  C: 28.6%
  G: 27.1%
  T: 23.0%
  none/other: 2.0%

Overview of removed sequences
length	count	expect	max.err	error counts
3	278932	335439.4	0	278932
4	78407	83859.8	0	78407
5	30058	20965.0	0	30058
6	17871	5241.2	0	17871
7	13996	1310.3	0	13996
8	10973	327.6	0	10973
9	13179	81.9	0	12719 460
10	30036	20.5	1	27671 2365
11	4106	5.1	1	2712 1394
12	984	1.3	1	386 598
13	1770	0.3	1	94 1676
14	52	0.1	1	39 13
15	34	0.0	1	30 4
16	18	0.0	1	12 6
17	26	0.0	1	26
18	41	0.0	1	38 3
19	18	0.0	1	16 2
20	37	0.0	1	33 4
21	4	0.0	1	3 1
22	28	0.0	1	26 2
23	213	0.0	1	195 18
24	6	0.0	1	5 1
25	28	0.0	1	27 1
26	61	0.0	1	56 5
27	21	0.0	1	18 3
28	38	0.0	1	34 4
29	9	0.0	1	8 1
30	9	0.0	1	9
31	1	0.0	1	1
33	95	0.0	1	86 9
34	5	0.0	1	5
35	356	0.0	1	324 32
36	9722	0.0	1	8745 977
