INFO  @ Fri, 14 Aug 2026 11:39:16: 
# Command line: callpeak -t /media/desk16/iy13202/projects/Paper2Paper/tmp/tnbc-chromatin-tf-nc-2026/luad-figure2/data/processed/raw_atac/cell_line/PC-9/PC-9.tn5_shifted.bed -f BED -g hs --keep-dup all -B --shift -75 --extsize 150 --nomodel --SPMR -q 0.01 -n PC-9 --outdir /media/desk16/iy13202/projects/Paper2Paper/tmp/tnbc-chromatin-tf-nc-2026/luad-figure2/data/processed/raw_atac/cell_line/PC-9/peaks
# ARGUMENTS LIST:
# name = PC-9
# format = BED
# ChIP-seq file = ['/media/desk16/iy13202/projects/Paper2Paper/tmp/tnbc-chromatin-tf-nc-2026/luad-figure2/data/processed/raw_atac/cell_line/PC-9/PC-9.tn5_shifted.bed']
# control file = None
# effective genome size = 2.70e+09
# band width = 300
# model fold = [5, 50]
# qvalue cutoff = 1.00e-02
# The maximum gap between significant sites is assigned as the read length/tag size.
# The minimum length of peaks is assigned as the predicted fragment length "d".
# Larger dataset will be scaled towards smaller dataset.
# Range for calculating regional lambda is: 10000 bps
# Broad region calling is off
# Paired-End mode is off
# MACS will save fragment pileup signal per million reads
 
INFO  @ Fri, 14 Aug 2026 11:39:16: #1 read tag files... 
INFO  @ Fri, 14 Aug 2026 11:39:16: #1 read treatment tags... 
INFO  @ Fri, 14 Aug 2026 11:39:18:  1000000 
INFO  @ Fri, 14 Aug 2026 11:39:20:  2000000 
INFO  @ Fri, 14 Aug 2026 11:39:22:  3000000 
INFO  @ Fri, 14 Aug 2026 11:39:24:  4000000 
INFO  @ Fri, 14 Aug 2026 11:39:26:  5000000 
INFO  @ Fri, 14 Aug 2026 11:39:28:  6000000 
INFO  @ Fri, 14 Aug 2026 11:39:30:  7000000 
INFO  @ Fri, 14 Aug 2026 11:39:32:  8000000 
INFO  @ Fri, 14 Aug 2026 11:39:34:  9000000 
INFO  @ Fri, 14 Aug 2026 11:39:35: #1 tag size is determined as 36 bps 
INFO  @ Fri, 14 Aug 2026 11:39:35: #1 tag size = 36.0 
INFO  @ Fri, 14 Aug 2026 11:39:35: #1  total tags in treatment: 9496338 
INFO  @ Fri, 14 Aug 2026 11:39:35: #1 finished! 
INFO  @ Fri, 14 Aug 2026 11:39:35: #2 Build Peak Model... 
INFO  @ Fri, 14 Aug 2026 11:39:35: #2 Skipped... 
INFO  @ Fri, 14 Aug 2026 11:39:35: #2 Use 150 as fragment length 
INFO  @ Fri, 14 Aug 2026 11:39:35: #2 Sequencing ends will be shifted towards 5' by 75 bp(s) 
INFO  @ Fri, 14 Aug 2026 11:39:35: #3 Call peaks... 
INFO  @ Fri, 14 Aug 2026 11:39:35: #3 Pre-compute pvalue-qvalue table... 
INFO  @ Fri, 14 Aug 2026 11:40:12: #3 In the peak calling step, the following will be performed simultaneously: 
INFO  @ Fri, 14 Aug 2026 11:40:12: #3   Write bedGraph files for treatment pileup (after scaling if necessary)... PC-9_treat_pileup.bdg 
INFO  @ Fri, 14 Aug 2026 11:40:12: #3   Write bedGraph files for control lambda (after scaling if necessary)... PC-9_control_lambda.bdg 
INFO  @ Fri, 14 Aug 2026 11:40:12: #3   --SPMR is requested, so pileup will be normalized by sequencing depth in million reads. 
INFO  @ Fri, 14 Aug 2026 11:40:12: #3 Call peaks for each chromosome... 
INFO  @ Fri, 14 Aug 2026 11:41:01: #4 Write output xls file... /media/desk16/iy13202/projects/Paper2Paper/tmp/tnbc-chromatin-tf-nc-2026/luad-figure2/data/processed/raw_atac/cell_line/PC-9/peaks/PC-9_peaks.xls 
INFO  @ Fri, 14 Aug 2026 11:41:01: #4 Write peak in narrowPeak format file... /media/desk16/iy13202/projects/Paper2Paper/tmp/tnbc-chromatin-tf-nc-2026/luad-figure2/data/processed/raw_atac/cell_line/PC-9/peaks/PC-9_peaks.narrowPeak 
INFO  @ Fri, 14 Aug 2026 11:41:01: #4 Write summits bed file... /media/desk16/iy13202/projects/Paper2Paper/tmp/tnbc-chromatin-tf-nc-2026/luad-figure2/data/processed/raw_atac/cell_line/PC-9/peaks/PC-9_summits.bed 
INFO  @ Fri, 14 Aug 2026 11:41:01: Done! 
