This is cutadapt 4.9 with Python 3.10.12
Command line parameters: -j 4 -a CTGTCTCTTATACACATCT -m 20 -o /media/desk16/iy13202/projects/Paper2Paper/tmp/tnbc-chromatin-tf-nc-2026/luad-figure2/tmp_processing/cell_line/RERF-LC-MS/trimmed_R1.fastq.gz /media/desk16/iy13202/projects/Paper2Paper/tmp/tnbc-chromatin-tf-nc-2026/luad-figure2/tmp_processing/cell_line/RERF-LC-MS/fastq/DRR137932.fastq
Processing single-end reads on 4 cores ...
Finished in 32.369 s (2.230 µs/read; 26.91 M reads/minute).

=== Summary ===

Total reads processed:              14,517,138
Reads with adapters:                   303,805 (2.1%)

== Read fate breakdown ==
Reads that were too short:                 820 (0.0%)
Reads written (passing filters):    14,516,318 (100.0%)

Total basepairs processed:   522,616,968 bp
Total written (filtered):    521,463,313 bp (99.8%)

=== Adapter 1 ===

Sequence: CTGTCTCTTATACACATCT; Type: regular 3'; Length: 19; Trimmed: 303805 times

Minimum overlap: 3
No. of allowed errors:
1-9 bp: 0; 10-19 bp: 1

Bases preceding removed adapters:
  A: 20.9%
  C: 26.7%
  G: 26.8%
  T: 25.4%
  none/other: 0.2%

Overview of removed sequences
length	count	expect	max.err	error counts
3	211848	226830.3	0	211848
4	54756	56707.6	0	54756
5	12825	14176.9	0	12825
6	5131	3544.2	0	5131
7	2845	886.1	0	2845
8	2079	221.5	0	2079
9	2511	55.4	0	2032 479
10	8031	13.8	1	7125 906
11	1478	3.5	1	481 997
12	467	0.9	1	106 361
13	935	0.2	1	46 889
14	24	0.1	1	18 6
15	33	0.0	1	26 7
16	22	0.0	1	20 2
17	38	0.0	1	35 3
18	14	0.0	1	12 2
19	6	0.0	1	3 3
20	7	0.0	1	7
21	4	0.0	1	3 1
22	4	0.0	1	4
23	7	0.0	1	6 1
24	1	0.0	1	1
25	1	0.0	1	1
26	1	0.0	1	0 1
27	3	0.0	1	3
28	3	0.0	1	3
29	1	0.0	1	1
30	1	0.0	1	1
33	2	0.0	1	2
35	4	0.0	1	4
36	723	0.0	1	637 86
